[36mvite v7.3.1 [32mbuilding client environment for production...[36m[39m
transforming...
node.exe : 
[33m[vite:css][postcss] 
@import must precede all other 
statements (besides @charset or 
empty @layer)
At line:1 char:1
+ & "E:\Nodejs/node.exe" "E:\Nod
ejs/node_modules/npm/bin/npx-cli
.js" vi ...
+ ~~~~~~~~~~~~~~~~~~~~~~~~~~~~~~
~~~~~~~~~~~~~~~~~~~~~~~~~~~~~~~~
~~~~~~~
    + CategoryInfo          : N 
   otSpecified: ([33m[vite:cs  
  s]...r empty @layer):String   
 ) [], RemoteException
    + FullyQualifiedErrorId : N 
   ativeCommandError
 
3  |  @tailwind utilities;
4  |  
5  |  @import url('https://fonts
.googleapis.com/css2?family=Inte
r:wght@300;400;500;600;700;800;9
00&display=swap');
   |  ^^^^^^^^^^^^^^^^^^^^^^^^^^
^^^^^^^^^^^^^^^^^^^^^^^^^^^^^^^^
^^^^^^^^^^^^^^^^^^^^^^^^^^^^^^^^
^^^^^^^^^^^^^^^^^^
6  |  
7  |  @layer base {[39m
[32mΓ£ô[39m 14 modules transformed.
[31mΓ£ù[39m Build failed in 
652ms
[31merror during build:
[31mCould not resolve 
"./pages/ComplaintDetails" from 
"src/App.jsx"[31m
file: [36mE:/NFSU_complaint_por
tal/client/src/App.jsx[31m
    at getRollupError (file:///E
:/NFSU_complaint_portal/client/n
ode_modules/rollup/dist/es/share
d/parseAst.js:402:41)
    at error (file:///E:/NFSU_co
mplaint_portal/client/node_modul
es/rollup/dist/es/shared/parseAs
t.js:398:42)
    at ModuleLoader.handleInvali
dResolvedId (file:///E:/NFSU_com
plaint_portal/client/node_module
s/rollup/dist/es/shared/node-ent
ry.js:21687:24)
    at file:///E:/NFSU_complaint
_portal/client/node_modules/roll
up/dist/es/shared/node-entry.js:
21647:26[39m
